*** Using Compiler 'V5.06 update 7 (build 960)', folder: 'D:\Keil_v5\ARM\ARMCC\Bin'
Build target 'Project'
compiling LED.c...
compiling adc.c...
compiling rom.c...
compiling dac.c...
compiling rs485.c...
compiling app_main.c...
compiling boot_if.c...
compiling BootConfig.c...
compiling RTC.c...
compiling OLED.c...
compiling spi_flash.c...
compiling pt100.c...
compiling main.c...
compiling scheduler.c...
compiling pmu_sleep.c...
compiling param_store.c...
compiling protocol.c...
compiling cmd_handler.c...
linking...
Program Size: Code=24082 RO-data=10222 RW-data=348 ZI-data=145084  
FromELF: creating hex file...
".\Objects\2026661795.axf" - 0 Error(s), 0 Warning(s).
Build Time Elapsed:  00:00:03
